warning: The module 'lpython_builtin' located in $DIR/src/bin/../runtime/lpython_builtin.py cannot be loaded
 --> tests/../integration_tests/test_builtin_round.py:6:12
  |
6 |     assert round(f) == 6
  |            ^^^^^^^^ imported here

semantic error: The symbol '_lpython_floordiv' not found in the module 'lpython_builtin'
   --> $DIR/src/bin/../runtime/lpython_builtin.py:209:15
    |
209 |     if (n_ - (n_ // 2)*2) == 0:
    |               ^^^^^^^ 
